SELECT ARRAY[1,2,3]::svector;
  array  
---------
 [1,2,3]
(1 row)

SELECT ARRAY[1.0,2.0,3.0]::svector;
  array  
---------
 [1,2,3]
(1 row)

SELECT ARRAY[1,2,3]::float4[]::svector;
  array  
---------
 [1,2,3]
(1 row)

SELECT ARRAY[1,2,3]::float8[]::svector;
  array  
---------
 [1,2,3]
(1 row)

SELECT ARRAY[1,2,3]::numeric[]::svector;
  array  
---------
 [1,2,3]
(1 row)

SELECT '{NULL}'::real[]::svector;
ERROR:  array must not contain nulls
SELECT '{NaN}'::real[]::svector;
ERROR:  NaN not allowed in svector
SELECT '{Infinity}'::real[]::svector;
ERROR:  infinite value not allowed in svector
SELECT '{-Infinity}'::real[]::svector;
ERROR:  infinite value not allowed in svector
SELECT '{}'::real[]::svector;
ERROR:  svector must have at least 1 dimension
SELECT '{{1}}'::real[]::svector;
ERROR:  array must be 1-D
SELECT '[1,2,3]'::svector::real[];
 float4  
---------
 {1,2,3}
(1 row)

SELECT array_agg(n)::svector FROM generate_series(1, 16001) n;
ERROR:  svector cannot have more than 16000 dimensions
SELECT array_to_svector(array_agg(n), 16001, false) FROM generate_series(1, 16001) n;
ERROR:  svector cannot have more than 16000 dimensions
-- ensure no error
SELECT ARRAY[1,2,3] = ARRAY[1,2,3];
 ?column? 
----------
 t
(1 row)

