SET enable_seqscan = off;
CREATE TABLE t (val svector(3));
INSERT INTO t (val) VALUES ('[0,0,0]'), ('[1,2,3]'), ('[1,1,1]'), (NULL);
CREATE INDEX ON t USING shnsw (val svectorl2_ops);
INSERT INTO t (val) VALUES ('[1,2,4]');
SELECT * FROM t ORDER BY val <-> '[3,3,3]';
   val   
---------
 [1,2,4]
 [1,1,1]
 [1,2,3]
 [0,0,0]
(4 rows)

SELECT * FROM t ORDER BY val <-> (SELECT NULL::svector);
   val   
---------
 [1,2,4]
 [1,1,1]
 [1,2,3]
 [0,0,0]
(4 rows)

SELECT COUNT(*) FROM t;
 count 
-------
     5
(1 row)

TRUNCATE t;
SELECT * FROM t ORDER BY val <-> '[3,3,3]';
 val 
-----
(0 rows)

DROP TABLE t;
