SET enable_seqscan = off;
CREATE TABLE t (val svector(3));
INSERT INTO t (val) VALUES ('[0,0,0]'), ('[1,2,3]'), ('[1,1,1]'), (NULL);
CREATE INDEX ON t USING shnsw (val svectorip_ops);
INSERT INTO t (val) VALUES ('[1,2,4]');
SELECT * FROM t ORDER BY val <#> '[3,3,3]';
   val   
---------
 [1,2,4]
 [1,1,1]
 [1,2,3]
 [0,0,0]
(4 rows)

SELECT COUNT(*) FROM (SELECT * FROM t ORDER BY val <#> (SELECT NULL::svector)) t2;
ERROR:  different svector dimensions 0 and 3
DROP TABLE t;
